###############################################################################
#
# IAR ELF Linker V7.80.4.12462/W32 for ARM                20/Mar/2018  15:00:06
# Copyright 2007-2017 IAR Systems AB.
#
#    Output file  =  
#        C:\Users\Paul\Desktop\simulation\CRC_ALGO\EWARM6\STM32F4\Exe\Project.out
#    Map file     =  
#        C:\Users\Paul\Desktop\simulation\CRC_ALGO\EWARM6\STM32F4\List\Project.map
#    Command line =  
#        C:\Users\Paul\Desktop\simulation\CRC_ALGO\EWARM6\STM32F4\Obj\CRC.o
#        C:\Users\Paul\Desktop\simulation\CRC_ALGO\EWARM6\STM32F4\Obj\main.o
#        --redirect _Printf=_PrintfFull --redirect _Scanf=_ScanfSmall -o
#        C:\Users\Paul\Desktop\simulation\CRC_ALGO\EWARM6\STM32F4\Exe\Project.out
#        --map
#        C:\Users\Paul\Desktop\simulation\CRC_ALGO\EWARM6\STM32F4\List\Project.map
#        --config
#        C:\Users\Paul\Desktop\simulation\CRC_ALGO\EWARM6\config\stm32f4xx_flash_EEPROM.icf
#        --semihosting --entry __iar_program_start "C:\Program Files (x86)\IAR
#        Systems\Embedded Workbench
#        7.5\arm\CMSIS\Lib\IAR\iar_cortexM4lf_math.a" --vfe
#
###############################################################################

*******************************************************************************
*** RUNTIME MODEL ATTRIBUTES
***

CppFlavor                     = *
__Heap_Handler                = Basic
__SystemLibrary               = DLib
__dlib_dynamic_initialization = normal


*******************************************************************************
*** PLACEMENT SUMMARY
***

"A0":  place at 0x08000000 { ro section .intvec };
"P1":  place in [from 0x08000000 to 0x0800bfff] |
                [from 0x08010000 to 0x0803ffff] { ro };
"P2":  place in [from 0x20000000 to 0x2000ffff] { rw, block CSTACK, block HEAP };
initialize by copy { rw };

  Section             Kind        Address    Size  Object
  -------             ----        -------    ----  ------
"A0":                                        0x40
  .intvec             ro code  0x08000000    0x40  vector_table_M.o [5]
                             - 0x08000040    0x40

"P1":                                      0x2d70
  .text               ro code  0x08000040  0x119a  xprintffull.o [3]
  .text               ro code  0x080011da    0x20  xmbtowc.o [3]
  .text               ro code  0x080011fa     0x2  vector_table_M.o [5]
  .text               ro code  0x080011fc    0x16  strchr.o [5]
  .text               ro code  0x08001214    0x36  strlen.o [5]
  .text               ro code  0x0800124c    0x58  memchr.o [5]
  .text               ro code  0x080012a4     0xa  xmbcurmax.o [3]
  .text               ro code  0x080012b0    0xb0  xxmemxmalloc.o [3]
  .text               ro code  0x08001360    0x1a  xwctomb.o [3]
  .text               ro code  0x0800137c    0x76  ABImemcpy_unaligned.o [5]
  .text               ro code  0x080013f4    0x80  xxmemxfree.o [3]
  .text               ro code  0x08001474    0xee  I64DivMod.o [5]
  .text               ro code  0x08001562    0x44  xdnorm.o [4]
  .text               ro code  0x080015a8    0x2e  DblCmpLe.o [4]
  .text               ro code  0x080015d8    0x2e  DblCmpGe.o [4]
  .text               ro code  0x08001608   0x114  xdscale.o [4]
  .text               ro code  0x0800171c    0x58  DblToI32.o [4]
  .text               ro code  0x08001774    0x30  I32ToDbl.o [4]
  .text               ro code  0x080017a4   0x180  DblSub.o [4]
  .text               ro code  0x08001924   0x1a2  DblMul.o [4]
  .text               ro code  0x08001ac8   0x256  DblDiv.o [4]
  .text               ro code  0x08001d20    0x6c  localeconv.o [3]
  .text               ro code  0x08001d8c     0xe  div.o [3]
  .text               ro code  0x08001d9c    0x14  setlocale.o [3]
  .text               ro code  0x08001db0    0x60  xencoding_sb.o [3]
  .text               ro code  0x08001e10    0x2c  xgetmemchunk.o [3]
  .text               ro code  0x08001e3c     0x2  I64DivZer.o [5]
  .text               ro code  0x08001e40    0xd4  DblAdd.o [4]
  .text               ro code  0x08001f14     0x2  xtls.o [3]
  .rodata             const    0x08001f18   0x400  CRC.o [1]
  .text               ro code  0x08002318    0xfc  CRC.o [1]
  .text               ro code  0x08002414    0xd6  xfspos.o [3]
  .text               ro code  0x080024ec    0xb0  fflush.o [3]
  .text               ro code  0x0800259c     0xc  xfgpos.o [3]
  .text               ro code  0x080025a8    0x4c  lseek.o [6]
  .text               ro code  0x080025f4     0xc  errno.o [3]
  .text               ro code  0x08002600     0x4  xsyslock_nop.o [3]
  .text               ro code  0x08002604    0x10  write.o [6]
  .text               ro code  0x08002614    0xcc  XShHandles.o [3]
  .text               ro code  0x080026e0    0x1e  dwrite.o [6]
  .text               ro code  0x080026fe    0x20  iarwstd.o [6]
  .text               ro code  0x0800271e    0x22  iarwrite.o [6]
  .text               ro code  0x08002740    0x6c  iarttio.o [6]
  .text               ro code  0x080027ac     0x8  XShttio.o [3]
  .text               ro code  0x080027b4    0xce  packbits_init.o [5]
  .text               ro code  0x08002882     0x6  abort.o [3]
  .text               ro code  0x08002888    0x14  exit.o [6]
  .text               ro code  0x0800289c    0xb8  xfwprep.o [3]
  .text               ro code  0x08002954    0x22  fseek.o [3]
  .text               ro code  0x08002978    0x80  xfofind.o [3]
  .text               ro code  0x080029f8    0x7a  fclose.o [3]
  .text               ro code  0x08002a72    0x1a  close.o [6]
  .text               ro code  0x08002a8c    0x16  remove.o [6]
  .text               ro code  0x08002aa4    0x58  xcloseall.o [3]
  .text               ro code  0x08002afc    0x56  fputc.o [3]
  .rodata             const    0x08002b54    0x40  CRC.o [1]
  .text               ro code  0x08002b94    0x40  zero_init3.o [5]
  .text               ro code  0x08002bd4    0x3c  main.o [1]
  .text               ro code  0x08002c10    0x24  printf.o [3]
  .text               ro code  0x08002c34    0x28  data_init.o [5]
  .text               ro code  0x08002c5c    0x22  fpinit_M.o [4]
  .iar.init_table     const    0x08002c80    0x2c  - Linker created -
  .text               ro code  0x08002cac    0x1a  cmain.o [5]
  .text               ro code  0x08002cc6     0x4  low_level_init.o [3]
  .text               ro code  0x08002cca     0x4  exit.o [3]
  .text               ro code  0x08002cd0     0xe  cexit.o [5]
  .text               ro code  0x08002cde    0x16  xprout.o [3]
  .text               ro code  0x08002cf4     0xc  putchar.o [3]
  .rodata             const    0x08002d00    0x10  main.o [1]
  .text               ro code  0x08002d10     0xc  cstartup_M.o [5]
  .text               ro code  0x08002d1c     0x0  cstart_closeall.o [5]
  .rodata             const    0x08002d1c     0x0  zero_init3.o [5]
  .rodata             const    0x08002d1c     0x0  packbits_init.o [5]
  Initializer bytes   const    0x08002d1c    0x94  <for P2 s0>
                             - 0x08002db0  0x2d70

"P2", part 1 of 3:                          0x1f4
  P2 s0                        0x20000000   0x1f4  <Init block>
    __DLIB_PERTHREAD  inited   0x20000000    0x88  localeconv.o [3]
    __DLIB_PERTHREAD  inited   0x20000088    0x74  setlocale.o [3]
    .data             inited   0x200000fc    0x40  xfiles.o [3]
    .data             inited   0x2000013c    0x40  xfiles.o [3]
    .data             inited   0x2000017c    0x40  xfiles.o [3]
    .data             inited   0x200001bc    0x20  xfiles.o [3]
    .data             inited   0x200001dc     0xc  main.o [1]
    .data             inited   0x200001e8     0x8  XShttio.o [3]
    __DLIB_PERTHREAD  inited   0x200001f0     0x4  errno.o [3]
                             - 0x200001f4   0x1f4

"P2", part 2 of 3:                          0x12c
  .bss                zero     0x200001f4    0x80  XShHandles.o [3]
  .bss                zero     0x20000274    0x50  xfiles.o [3]
  .bss                zero     0x200002c4    0x50  xfiles.o [3]
  .bss                zero     0x20000314     0x8  xxmemxmalloc.o [3]
  .bss                zero     0x2000031c     0x4  xgetmemchunk.o [3]
                             - 0x20000320   0x12c

"P2", part 3 of 3:                         0x1000
  CSTACK                       0x20000320   0x800  <Block>
    CSTACK            uninit   0x20000320   0x800  <Block tail>
  HEAP                         0x20000b20   0x800  <Block>
    HEAP              uninit   0x20000b20   0x800  <Block tail>
                             - 0x20001320  0x1000


*******************************************************************************
*** INIT TABLE
***

          Address     Size
          -------     ----
Zero (__iar_zero_init3)
    1 destination range, total size 0x12c:
          0x200001f4  0x12c

Copy/packbits (__iar_packbits_init3)
    1 source range, total size 0x94 (29% of destination):
          0x08002d1c   0x94
    1 destination range, total size 0x1f4:
          0x20000000  0x1f4



*******************************************************************************
*** MODULE SUMMARY
***

    Module                 ro code  ro data  rw data
    ------                 -------  -------  -------
C:\Users\Paul\Desktop\simulation\CRC_ALGO\EWARM6\STM32F4\Obj: [1]
    CRC.o                      252    1 088
    main.o                      60       20       12
    ------------------------------------------------
    Total:                     312    1 108       12

command line: [2]
    ------------------------------------------------
    Total:

dl7M_tlf.a: [3]
    XShHandles.o               204               128
    XShttio.o                    8        2        8
    abort.o                      6
    div.o                       14
    errno.o                     12        2        4
    exit.o                       4
    fclose.o                   122
    fflush.o                   176
    fputc.o                     86
    fseek.o                     34
    localeconv.o               108       40      136
    low_level_init.o             4
    printf.o                    36
    putchar.o                   12
    setlocale.o                 20       34      116
    xcloseall.o                 88
    xencoding_sb.o              96
    xfgpos.o                    12
    xfiles.o                             66      384
    xfofind.o                  128
    xfspos.o                   214
    xfwprep.o                  184
    xgetmemchunk.o              44                 4
    xmbcurmax.o                 10
    xmbtowc.o                   32
    xprintffull.o            4 506
    xprout.o                    22
    xsyslock_nop.o               4
    xtls.o                       2
    xwctomb.o                   26
    xxmemxfree.o               128
    xxmemxmalloc.o             176                 8
    ------------------------------------------------
    Total:                   6 518      144      788

m7M_tls.a: [4]
    DblAdd.o                   212
    DblCmpGe.o                  46
    DblCmpLe.o                  46
    DblDiv.o                   598
    DblMul.o                   418
    DblSub.o                   384
    DblToI32.o                  88
    I32ToDbl.o                  48
    fpinit_M.o                  34
    xdnorm.o                    68
    xdscale.o                  276
    ------------------------------------------------
    Total:                   2 218

rt7M_tl.a: [5]
    ABImemcpy_unaligned.o      118
    I64DivMod.o                238
    I64DivZer.o                  2
    cexit.o                     14
    cmain.o                     26
    cstart_closeall.o
    cstartup_M.o                12
    data_init.o                 40
    memchr.o                    88
    packbits_init.o            206
    strchr.o                    22
    strlen.o                    54
    vector_table_M.o            66
    zero_init3.o                64
    ------------------------------------------------
    Total:                     950

shb_l.a: [6]
    close.o                     26
    dwrite.o                    30
    exit.o                      20
    iarttio.o                  108
    iarwrite.o                  34
    iarwstd.o                   32
    lseek.o                     76
    remove.o                    22
    write.o                     16
    ------------------------------------------------
    Total:                     364

    Gaps                        32        6
    Linker created                       44    4 096
----------------------------------------------------
    Grand Total:            10 394    1 302    4 896


*******************************************************************************
*** ENTRY LIST
***

Entry                      Address   Size  Type      Object
-----                      -------   ----  ----      ------
.iar.init_table$$Base   0x08002c80          --   Gb  - Linker created -
.iar.init_table$$Limit  0x08002cac          --   Gb  - Linker created -
?main                   0x08002cad         Code  Gb  cmain.o [5]
CRC16_CCITT_HIGH_SPEED  0x080023cb   0x42  Code  Gb  CRC.o [1]
CRC16_CCITT_LOW_SPEED   0x08002319   0x4c  Code  Gb  CRC.o [1]
CRC16_CCITT_MIDDLE_SPEED
                        0x08002365   0x66  Code  Gb  CRC.o [1]
CSTACK$$Base            0x20000320          --   Gb  - Linker created -
CSTACK$$Limit           0x20000b20          --   Gb  - Linker created -
HEAP$$Base              0x20000b20          --   Gb  - Linker created -
HEAP$$Limit             0x20001320          --   Gb  - Linker created -
InStream_StepRegion     0x080027b5   0x14  Code  Lc  packbits_init.o [5]
LoadInt                 0x080006b7   0x6e  Code  Lc  xprintffull.o [3]
Region$$Table$$Base     0x08002c80          --   Gb  - Linker created -
Region$$Table$$Limit    0x08002cac          --   Gb  - Linker created -
_Close_all              0x08002aa5   0x58  Code  Gb  xcloseall.o [3]
_EncodingSb_Mbtowc      0x08001dcb   0x30  Code  Gb  xencoding_sb.o [3]
_EncodingSb_Mbtowc::initial
                        0x08001e08    0x8  Data  Lc  xencoding_sb.o [3]
_EncodingSb_Wctomb      0x08001db1   0x1a  Code  Gb  xencoding_sb.o [3]
_EncodingSb_Wctomb::initial
                        0x08001e00    0x8  Data  Lc  xencoding_sb.o [3]
_Files                  0x200001bc   0x20  Data  Gb  xfiles.o [3]
_Fofree                 0x08002979   0x78  Code  Gb  xfofind.o [3]
_Fspos                  0x08002415   0xd6  Code  Gb  xfspos.o [3]
_Fwprep                 0x0800289d   0xb8  Code  Gb  xfwprep.o [3]
_GenldFull              0x08000f3d  0x254  Code  Lc  xprintffull.o [3]
_IsdstStr               0x2000008c    0x4  Data  Gb  setlocale.o [3]
_LdtobFull              0x08000b3d  0x3fa  Code  Lc  xprintffull.o [3]
_LitobFull              0x08000a31  0x10a  Code  Lc  xprintffull.o [3]
_LocaleEncoding         0x08001d9d    0xe  Code  Gb  setlocale.o [3]
_LocaleReturnString     0x200000ac   0x50  Data  Lc  setlocale.o [3]
_Locale_Profile         0x20000090   0x1c  Data  Gb  setlocale.o [3]
_Locale_aeabi_lconv     0x20000050   0x38  Data  Gb  localeconv.o [3]
_Locale_lconv           0x20000000   0x50  Data  Gb  localeconv.o [3]
_Mbtowc                 0x080011db   0x20  Code  Gb  xmbtowc.o [3]
_Nnl                    0x0800259d    0xc  Code  Gb  xfgpos.o [3]
_PrintfFull             0x08000041  0x660  Code  Gb  xprintffull.o [3]
_Prout                  0x08002cdf   0x16  Code  Gb  xprout.o [3]
_PutcharsFull           0x08001191   0x2e  Code  Lc  xprintffull.o [3]
_PutstrFull             0x08000725  0x306  Code  Lc  xprintffull.o [3]
_TzoneStr               0x20000088    0x4  Data  Gb  setlocale.o [3]
_Wctomb                 0x08001361   0x1a  Code  Gb  xwctomb.o [3]
__aeabi_cdcmple         0x080015a9         Code  Gb  DblCmpLe.o [4]
__aeabi_cdrcmple        0x080015d9         Code  Gb  DblCmpGe.o [4]
__aeabi_d2iz            0x0800171d         Code  Gb  DblToI32.o [4]
__aeabi_d2uiz           0x08001749         Code  Gb  DblToI32.o [4]
__aeabi_ddiv            0x08001ac9         Code  Gb  DblDiv.o [4]
__aeabi_dmul            0x08001925         Code  Gb  DblMul.o [4]
__aeabi_dsub            0x080017a5         Code  Gb  DblSub.o [4]
__aeabi_errno_addr      0x080025f5    0x6  Code  Gb  errno.o [3]
__aeabi_i2d             0x08001775         Code  Gb  I32ToDbl.o [4]
__aeabi_ldiv0           0x08001e3d         Code  Gb  I64DivZer.o [5]
__aeabi_ui2d            0x08001789         Code  Gb  I32ToDbl.o [4]
__aeabi_uldivmod        0x08001475         Code  Gb  I64DivMod.o [5]
__cexit_closeall        0x08002cd3         Code  Gb  cexit.o [5]
__close                 0x08002a73   0x1a  Code  Gb  close.o [6]
__cmain                 0x08002cad         Code  Gb  cmain.o [5]
__cstart_closeall       0x08002d1c         Data  Gb  cstart_closeall.o [5]
__data_Aldata           0x20000314    0x8  Data  Gb  xxmemxmalloc.o [3]
__data_GetMemChunk      0x08001e11   0x2c  Code  Gb  xgetmemchunk.o [3]
__data_GetMemChunk::start
                        0x2000031c    0x4  Data  Lc  xgetmemchunk.o [3]
__dwrite                0x080026e1   0x1e  Code  Gb  dwrite.o [6]
__exit                  0x08002889   0x14  Code  Gb  exit.o [6]
__iar_Dnorm             0x08001563   0x44  Code  Gb  xdnorm.o [4]
__iar_Dscale            0x08001609  0x114  Code  Gb  xdscale.o [4]
__iar_Errno             0x200001f0    0x4  Data  Gb  errno.o [3]
__iar_Locale_lconv_init
                        0x08001d21   0x3a  Code  Gb  localeconv.o [3]
__iar_Lockfilelock      0x08002601    0x2  Code  Gb  xsyslock_nop.o [3]
__iar_Mbcurmax          0x080012a5    0xa  Code  Gb  xmbcurmax.o [3]
__iar_Memchr            0x0800124d         Code  Gb  memchr.o [5]
__iar_Stderr            0x2000017c   0x40  Data  Gb  xfiles.o [3]
__iar_Stdin             0x200000fc   0x40  Data  Gb  xfiles.o [3]
__iar_Stdout            0x2000013c   0x40  Data  Gb  xfiles.o [3]
__iar_Strchr            0x080011fd         Code  Gb  strchr.o [5]
__iar_Unlockfilelock    0x08002603    0x2  Code  Gb  xsyslock_nop.o [3]
__iar_close_ttio        0x08002741   0x2e  Code  Gb  iarttio.o [6]
__iar_d2uiz             0x08001755         Code  Gb  DblToI32.o [4]
__iar_dadd              0x08001e41         Code  Gb  DblAdd.o [4]
__iar_data_init3        0x08002c35   0x28  Code  Gb  data_init.o [5]
__iar_dlib_perthread_access
                        0x08001f15    0x2  Code  Gb  xtls.o [3]
__iar_dsub              0x080017b9         Code  Gb  DblSub.o [4]
__iar_dsubStart         0x080017cb         Code  Gb  DblSub.o [4]
__iar_get_ttio          0x08002771   0x38  Code  Gb  iarttio.o [6]
__iar_init_vfp          0x08002c5d         Code  Gb  fpinit_M.o [4]
__iar_lookup_ttioh      0x080027ad    0x8  Code  Gb  XShttio.o [3]
__iar_packbits_init3    0x080027c9   0xba  Code  Gb  packbits_init.o [5]
__iar_program_start     0x08002d11         Code  Gb  cstartup_M.o [5]
__iar_sh_Discard        0x08002615   0x3e  Code  Gb  XShHandles.o [3]
__iar_sh_Move           0x08002659   0x46  Code  Gb  XShHandles.o [3]
__iar_sh_Pos            0x0800269f   0x3e  Code  Gb  XShHandles.o [3]
__iar_sh_stdout         0x080026ff   0x20  Code  Gb  iarwstd.o [6]
__iar_sh_write          0x0800271f   0x22  Code  Gb  iarwrite.o [6]
__iar_ttio_handles      0x200001e8    0x8  Data  Lc  XShttio.o [3]
__iar_ui2d              0x0800178d         Code  Gb  I32ToDbl.o [4]
__iar_unaligned___aeabi_memcpy
                        0x0800137d         Code  Gb  ABImemcpy_unaligned.o [5]
__iar_unaligned___aeabi_memcpy4
                        0x0800139d         Code  Gb  ABImemcpy_unaligned.o [5]
__iar_unaligned___aeabi_memcpy8
                        0x0800139d         Code  Gb  ABImemcpy_unaligned.o [5]
__iar_zero_init3        0x08002b95   0x40  Code  Gb  zero_init3.o [5]
__low_level_init        0x08002cc7    0x4  Code  Gb  low_level_init.o [3]
__lseek                 0x080025a9   0x4c  Code  Gb  lseek.o [6]
__vector_table          0x08000000         Data  Gb  vector_table_M.o [5]
__write                 0x08002605   0x10  Code  Gb  write.o [6]
_call_main              0x08002cb9         Code  Gb  cmain.o [5]
_exit                   0x08002cd1         Code  Gb  cexit.o [5]
_main                   0x08002cc3         Code  Gb  cmain.o [5]
abort                   0x08002883    0x6  Code  Gb  abort.o [3]
div                     0x08001d8d    0xe  Code  Gb  div.o [3]
ebuf                    0x20000274   0x50  Data  Lc  xfiles.o [3]
exit                    0x08002ccb    0x4  Code  Gb  exit.o [3]
fclose                  0x080029f9   0x7a  Code  Gb  fclose.o [3]
fflush                  0x08002563   0x34  Code  Gb  fflush.o [3]
fflushOne               0x080024ed   0x76  Code  Lc  fflush.o [3]
fputc                   0x08002afd   0x56  Code  Gb  fputc.o [3]
free                    0x080013f5   0x7a  Code  Gb  xxmemxfree.o [3]
fseek                   0x08002955   0x22  Code  Gb  fseek.o [3]
localeconv              0x08001d5b   0x16  Code  Gb  localeconv.o [3]
main                    0x08002bd5   0x3c  Code  Gb  main.o [1]
malloc                  0x080012b1   0xac  Code  Gb  xxmemxmalloc.o [3]
memchr                  0x0800124d         Code  Gb  memchr.o [5]
obuf                    0x200002c4   0x50  Data  Lc  xfiles.o [3]
printf                  0x08002c11   0x24  Code  Gb  printf.o [3]
putchar                 0x08002cf5    0xc  Code  Gb  putchar.o [3]
remove                  0x08002a8d   0x16  Code  Gb  remove.o [6]
sFileInfo               0x200001f4   0x80  Data  Lc  XShHandles.o [3]
strchr                  0x080011fd         Code  Gb  strchr.o [5]
strlen                  0x08001215         Code  Gb  strlen.o [5]
test                    0x200001dc    0xc  Data  Lc  main.o [1]


[1] = C:\Users\Paul\Desktop\simulation\CRC_ALGO\EWARM6\STM32F4\Obj
[2] = command line
[3] = dl7M_tlf.a
[4] = m7M_tls.a
[5] = rt7M_tl.a
[6] = shb_l.a

  10 394 bytes of readonly  code memory
   1 302 bytes of readonly  data memory
   4 896 bytes of readwrite data memory

Errors: none
Warnings: none
